<?xml version="1.0" encoding="utf-8"?>
<?AutomationStudio Version="4.7.2.98"?>
<Objects>
  <Object
    Path="C:\Users\mafio\Documents\GitHub\OTTO_Introduction\Logical\Package.pkg"
    LogicalPath=""
    Type="Package.ParentUnknown"
    LastWriteTime="132519880660713457" />
  <Object
    Path="C:\Users\mafio\Documents\GitHub\OTTO_Introduction\Logical\Global.typ"
    LogicalPath="Global.typ"
    Type="File"
    LastWriteTime="132495640158973198"
    Private="false" />
  <Object
    Path="C:\Users\mafio\Documents\GitHub\OTTO_Introduction\Logical\Global.var"
    LogicalPath="Global.var"
    Type="File"
    LastWriteTime="132495640159463128"
    Private="false" />
  <Object
    Path="C:\Users\mafio\Documents\GitHub\OTTO_Introduction\Logical\Libraries\Package.pkg"
    LogicalPath="Libraries"
    Type="Package"
    LastWriteTime="132519890614909549" />
  <Object
    Path="C:\Users\mafio\Documents\GitHub\OTTO_Introduction\Logical\Libraries\operator\binary.lby"
    LogicalPath="Libraries.operator"
    Type="Library"
    LastWriteTime="132495640234783229" />
  <Object
    Path="C:\Users\mafio\Documents\GitHub\OTTO_Introduction\Logical\Libraries\operator\operator.fun"
    LogicalPath="Libraries.operator.operator.fun"
    Type="File"
    LastWriteTime="132495640234163181"
    Private="false" />
  <Object
    Path="C:\Users\mafio\Documents\GitHub\OTTO_Introduction\Logical\Libraries\operator\operator.typ"
    LogicalPath="Libraries.operator.operator.typ"
    Type="File"
    LastWriteTime="132495640234433216"
    Private="false" />
  <Object
    Path="C:\Users\mafio\Documents\GitHub\OTTO_Introduction\Logical\Libraries\operator\operator.var"
    LogicalPath="Libraries.operator.operator.var"
    Type="File"
    LastWriteTime="132495640234753241"
    Private="false" />
  <Object
    Path="C:\Users\mafio\Documents\GitHub\OTTO_Introduction\Logical\Libraries\runtime\binary.lby"
    LogicalPath="Libraries.runtime"
    Type="Library"
    LastWriteTime="132495640245433126" />
  <Object
    Path="C:\Users\mafio\Documents\GitHub\OTTO_Introduction\Logical\Libraries\runtime\runtime.fun"
    LogicalPath="Libraries.runtime.runtime.fun"
    Type="File"
    LastWriteTime="132495640244923145"
    Private="false" />
  <Object
    Path="C:\Users\mafio\Documents\GitHub\OTTO_Introduction\Logical\Libraries\runtime\runtime.typ"
    LogicalPath="Libraries.runtime.runtime.typ"
    Type="File"
    LastWriteTime="132495640245153211"
    Private="false" />
  <Object
    Path="C:\Users\mafio\Documents\GitHub\OTTO_Introduction\Logical\Libraries\runtime\runtime.var"
    LogicalPath="Libraries.runtime.runtime.var"
    Type="File"
    LastWriteTime="132495640245413225"
    Private="false" />
  <Object
    Path="C:\Users\mafio\Documents\GitHub\OTTO_Introduction\Logical\Libraries\standard\binary.lby"
    LogicalPath="Libraries.standard"
    Type="Library"
    LastWriteTime="132495699659316975" />
  <Object
    Path="C:\Users\mafio\Documents\GitHub\OTTO_Introduction\Logical\Libraries\standard\standard.fun"
    LogicalPath="Libraries.standard.standard.fun"
    Type="File"
    LastWriteTime="132495699659160708"
    Private="false" />
  <Object
    Path="C:\Users\mafio\Documents\GitHub\OTTO_Introduction\Logical\Libraries\standard\standard.typ"
    LogicalPath="Libraries.standard.standard.typ"
    Type="File"
    LastWriteTime="132495699659160708"
    Private="false" />
  <Object
    Path="C:\Users\mafio\Documents\GitHub\OTTO_Introduction\Logical\Libraries\standard\standard.var"
    LogicalPath="Libraries.standard.standard.var"
    Type="File"
    LastWriteTime="132495699659316975"
    Private="false" />
  <Object
    Path="C:\Users\mafio\Documents\GitHub\OTTO_Introduction\Logical\Libraries\astime\binary.lby"
    LogicalPath="Libraries.astime"
    Type="Library"
    LastWriteTime="132495640257813223" />
  <Object
    Path="C:\Users\mafio\Documents\GitHub\OTTO_Introduction\Logical\Libraries\astime\astime.fun"
    LogicalPath="Libraries.astime.astime.fun"
    Type="File"
    LastWriteTime="132495640257383186"
    Private="false" />
  <Object
    Path="C:\Users\mafio\Documents\GitHub\OTTO_Introduction\Logical\Libraries\astime\astime.typ"
    LogicalPath="Libraries.astime.astime.typ"
    Type="File"
    LastWriteTime="132495640257583149"
    Private="false" />
  <Object
    Path="C:\Users\mafio\Documents\GitHub\OTTO_Introduction\Logical\Libraries\astime\astime.var"
    LogicalPath="Libraries.astime.astime.var"
    Type="File"
    LastWriteTime="132495640257803202"
    Private="false" />
  <Object
    Path="C:\Users\mafio\Documents\GitHub\OTTO_Introduction\Logical\Libraries\AsIecCon\binary.lby"
    LogicalPath="Libraries.AsIecCon"
    Type="Library"
    LastWriteTime="132495640278763332" />
  <Object
    Path="C:\Users\mafio\Documents\GitHub\OTTO_Introduction\Logical\Libraries\AsIecCon\AsIecCon.fun"
    LogicalPath="Libraries.AsIecCon.AsIecCon.fun"
    Type="File"
    LastWriteTime="132495640278453107"
    Private="false" />
  <Object
    Path="C:\Users\mafio\Documents\GitHub\OTTO_Introduction\Logical\Libraries\AsIecCon\AsIecCon.typ"
    LogicalPath="Libraries.AsIecCon.AsIecCon.typ"
    Type="File"
    LastWriteTime="132495640278593225"
    Private="false" />
  <Object
    Path="C:\Users\mafio\Documents\GitHub\OTTO_Introduction\Logical\Libraries\AsIecCon\AsIecCon.var"
    LogicalPath="Libraries.AsIecCon.AsIecCon.var"
    Type="File"
    LastWriteTime="132495640278743130"
    Private="false" />
  <Object
    Path="C:\Users\mafio\Documents\GitHub\OTTO_Introduction\Logical\Libraries\AsOpcUac\binary.lby"
    LogicalPath="Libraries.AsOpcUac"
    Type="Library"
    LastWriteTime="132519890614597032" />
  <Object
    Path="C:\Users\mafio\Documents\GitHub\OTTO_Introduction\Logical\Libraries\AsOpcUac\AsOpcUac.fun"
    LogicalPath="Libraries.AsOpcUac.AsOpcUac.fun"
    Type="File"
    LastWriteTime="132519890614219252"
    Private="false" />
  <Object
    Path="C:\Users\mafio\Documents\GitHub\OTTO_Introduction\Logical\Libraries\AsOpcUac\AsOpcUac.typ"
    LogicalPath="Libraries.AsOpcUac.AsOpcUac.typ"
    Type="File"
    LastWriteTime="132519890614440649"
    Private="false" />
  <Object
    Path="C:\Users\mafio\Documents\GitHub\OTTO_Introduction\Logical\Libraries\AsOpcUac\AsOpcUac.var"
    LogicalPath="Libraries.AsOpcUac.AsOpcUac.var"
    Type="File"
    LastWriteTime="132519890614597032"
    Private="false" />
  <Object
    Path="C:\Users\mafio\Documents\GitHub\OTTO_Introduction\Logical\Modbus\IEC.prg"
    LogicalPath="Modbus"
    Type="Program"
    LastWriteTime="132496579873307443" />
  <Object
    Path="C:\Users\mafio\Documents\GitHub\OTTO_Introduction\Logical\Modbus\modbus.st"
    LogicalPath="Modbus.modbus.st"
    Type="File"
    LastWriteTime="132507021497785690"
    Private="false" />
  <Object
    Path="C:\Users\mafio\Documents\GitHub\OTTO_Introduction\Logical\Modbus\Types.typ"
    LogicalPath="Modbus.Types.typ"
    Type="File"
    LastWriteTime="132507022678145622"
    Private="true" />
  <Object
    Path="C:\Users\mafio\Documents\GitHub\OTTO_Introduction\Logical\Modbus\Variables.var"
    LogicalPath="Modbus.Variables.var"
    Type="File"
    LastWriteTime="132497323234052344"
    Private="true" />
  <Object
    Path="C:\Users\mafio\Documents\GitHub\OTTO_Introduction\Logical\Handshake\IEC.prg"
    LogicalPath="Handshake"
    Type="Program"
    LastWriteTime="132519872997252364" />
  <Object
    Path="C:\Users\mafio\Documents\GitHub\OTTO_Introduction\Logical\Handshake\handshake.st"
    LogicalPath="Handshake.handshake.st"
    Type="File"
    LastWriteTime="132519872996941215"
    Private="false" />
  <Object
    Path="C:\Users\mafio\Documents\GitHub\OTTO_Introduction\Logical\Handshake\Types.typ"
    LogicalPath="Handshake.Types.typ"
    Type="File"
    LastWriteTime="132519872997096108"
    Private="true" />
  <Object
    Path="C:\Users\mafio\Documents\GitHub\OTTO_Introduction\Logical\Handshake\Variables.var"
    LogicalPath="Handshake.Variables.var"
    Type="File"
    LastWriteTime="132519872997252364"
    Private="true" />
  <Object
    Path="C:\Users\mafio\Documents\GitHub\OTTO_Introduction\Logical\OPC_UA\Package.pkg"
    LogicalPath="OPC_UA"
    Type="Package"
    LastWriteTime="132519880659865533" />
  <Object
    Path="C:\Users\mafio\Documents\GitHub\OTTO_Introduction\Logical\OPC_UA\Variables.var"
    LogicalPath="OPC_UA.Variables.var"
    Type="File"
    LastWriteTime="132519907685215407"
    Private="true" />
  <Object
    Path="C:\Users\mafio\Documents\GitHub\OTTO_Introduction\Logical\OPC_UA\Types.typ"
    LogicalPath="OPC_UA.Types.typ"
    Type="File"
    LastWriteTime="132519907688755432"
    Private="true" />
  <Object
    Path="C:\Users\mafio\Documents\GitHub\OTTO_Introduction\Logical\OPC_UA\client\IEC.prg"
    LogicalPath="OPC_UA.client"
    Type="Program"
    LastWriteTime="132519884200915590" />
  <Object
    Path="C:\Users\mafio\Documents\GitHub\OTTO_Introduction\Logical\OPC_UA\client\client_ignition.st"
    LogicalPath="OPC_UA.client.client_ignition.st"
    Type="File"
    LastWriteTime="132519927129524190"
    Private="false" />
  <Object
    Path="C:\Users\mafio\Documents\GitHub\OTTO_Introduction\Logical\OPC_UA\client\Types.typ"
    LogicalPath="OPC_UA.client.Types.typ"
    Type="File"
    LastWriteTime="132519883698462923"
    Private="true" />
  <Object
    Path="C:\Users\mafio\Documents\GitHub\OTTO_Introduction\Logical\OPC_UA\client\Variables.var"
    LogicalPath="OPC_UA.client.Variables.var"
    Type="File"
    LastWriteTime="132519907687375045"
    Private="true" />
  <Object
    Path="C:\Users\mafio\Documents\GitHub\OTTO_Introduction\Physical\Config1\Config.pkg"
    LogicalPath="Config1"
    Type="Configuration.ParentUnknown"
    LastWriteTime="132519914955911961" />
  <Object
    Path="C:\Users\mafio\Documents\GitHub\OTTO_Introduction\Physical\Config1\Hardware.hw"
    LogicalPath="Config1.Hardware.hw"
    Type="File"
    LastWriteTime="132519930643575203"
    Private="false" />
  <Object
    Path="C:\Users\mafio\Documents\GitHub\OTTO_Introduction\Physical\Config1\Hardware.hwl"
    LogicalPath="Config1.Hardware.hwl"
    Type="File"
    LastWriteTime="132506830510882335"
    Private="false" />
  <Object
    Path="C:\Users\mafio\Documents\GitHub\OTTO_Introduction\Physical\Config1\X20CP0411\Cpu.pkg"
    LogicalPath="Config1.X20CP0411"
    Type="Cpu"
    LastWriteTime="132519914956162075" />
  <Object
    Path="C:\Users\mafio\Documents\GitHub\OTTO_Introduction\Physical\Config1\X20CP0411\Cpu.sw"
    LogicalPath="Config1.X20CP0411.Cpu.sw"
    Type="File"
    LastWriteTime="132519890615841549"
    Private="false" />
  <Object
    Path="C:\Users\mafio\Documents\GitHub\OTTO_Introduction\Physical\Config1\X20CP0411\Cpu.per"
    LogicalPath="Config1.X20CP0411.Cpu.per"
    Type="File"
    LastWriteTime="132495640320563149"
    Private="false" />
  <Object
    Path="C:\Users\mafio\Documents\GitHub\OTTO_Introduction\Physical\Config1\X20CP0411\IoMap.iom"
    LogicalPath="Config1.X20CP0411.IoMap.iom"
    Type="File"
    LastWriteTime="132519914935286768"
    Private="false" />
  <Object
    Path="C:\Users\mafio\Documents\GitHub\OTTO_Introduction\Physical\Config1\X20CP0411\PvMap.vvm"
    LogicalPath="Config1.X20CP0411.PvMap.vvm"
    Type="File"
    LastWriteTime="132495640321423183"
    Private="false" />
  <Object
    Path="C:\Users\mafio\Documents\GitHub\OTTO_Introduction\Physical\Config1\X20CP0411\Connectivity\Package.pkg"
    LogicalPath="Config1.X20CP0411.Connectivity"
    Type="Package"
    LastWriteTime="132495640329763185" />
  <Object
    Path="C:\Users\mafio\Documents\GitHub\OTTO_Introduction\Physical\Config1\X20CP0411\Connectivity\OpcUA\Package.pkg"
    LogicalPath="Config1.X20CP0411.Connectivity.OpcUA"
    Type="Package"
    LastWriteTime="132519897643693108" />
  <Object
    Path="C:\Users\mafio\Documents\GitHub\OTTO_Introduction\Physical\Config1\X20CP0411\Connectivity\OpcUA\OpcUa.uanodeset"
    LogicalPath="Config1.X20CP0411.Connectivity.OpcUA.OpcUa.uanodeset"
    Type="File"
    LastWriteTime="132519897643443076"
    Private="false" />
  <Object
    Path="C:\Users\mafio\Documents\GitHub\OTTO_Introduction\Physical\Config1\X20CP0411\TextSystem\Package.pkg"
    LogicalPath="Config1.X20CP0411.TextSystem"
    Type="Package"
    LastWriteTime="132495640330243114" />
  <Object
    Path="C:\Users\mafio\Documents\GitHub\OTTO_Introduction\Physical\Config1\X20CP0411\UnitSystem\Package.pkg"
    LogicalPath="Config1.X20CP0411.UnitSystem"
    Type="Package"
    LastWriteTime="132495640330793307" />
  <Object
    Path="C:\Users\mafio\Documents\GitHub\OTTO_Introduction\Physical\Config1\X20CP0411\AccessAndSecurity\Package.pkg"
    LogicalPath="Config1.X20CP0411.AccessAndSecurity"
    Type="Package"
    LastWriteTime="132495640337303116" />
  <Object
    Path="C:\Users\mafio\Documents\GitHub\OTTO_Introduction\Physical\Config1\X20CP0411\AccessAndSecurity\UserRoleSystem\Package.pkg"
    LogicalPath="Config1.X20CP0411.AccessAndSecurity.UserRoleSystem"
    Type="Package"
    LastWriteTime="132495640333713110" />
  <Object
    Path="C:\Users\mafio\Documents\GitHub\OTTO_Introduction\Physical\Config1\X20CP0411\AccessAndSecurity\UserRoleSystem\Role.role"
    LogicalPath="Config1.X20CP0411.AccessAndSecurity.UserRoleSystem.Role.role"
    Type="File"
    LastWriteTime="132495640332843083"
    Private="false" />
  <Object
    Path="C:\Users\mafio\Documents\GitHub\OTTO_Introduction\Physical\Config1\X20CP0411\AccessAndSecurity\UserRoleSystem\User.user"
    LogicalPath="Config1.X20CP0411.AccessAndSecurity.UserRoleSystem.User.user"
    Type="File"
    LastWriteTime="132495640333693489"
    Private="false" />
  <Object
    Path="C:\Users\mafio\Documents\GitHub\OTTO_Introduction\Physical\Config1\X20CP0411\AccessAndSecurity\CertificateStore\Package.pkg"
    LogicalPath="Config1.X20CP0411.AccessAndSecurity.CertificateStore"
    Type="Package"
    LastWriteTime="132495640336263076" />
  <Object
    Path="C:\Users\mafio\Documents\GitHub\OTTO_Introduction\Physical\Config1\X20CP0411\AccessAndSecurity\CertificateStore\OwnCertificates\Package.pkg"
    LogicalPath="Config1.X20CP0411.AccessAndSecurity.CertificateStore.OwnCertificates"
    Type="Package"
    LastWriteTime="132495640334963131" />
  <Object
    Path="C:\Users\mafio\Documents\GitHub\OTTO_Introduction\Physical\Config1\X20CP0411\AccessAndSecurity\CertificateStore\OwnCertificates\Certificates\Package.pkg"
    LogicalPath="Config1.X20CP0411.AccessAndSecurity.CertificateStore.OwnCertificates.Certificates"
    Type="Package"
    LastWriteTime="132495640334153129" />
  <Object
    Path="C:\Users\mafio\Documents\GitHub\OTTO_Introduction\Physical\Config1\X20CP0411\AccessAndSecurity\CertificateStore\OwnCertificates\PrivateKeys\Package.pkg"
    LogicalPath="Config1.X20CP0411.AccessAndSecurity.CertificateStore.OwnCertificates.PrivateKeys"
    Type="Package"
    LastWriteTime="132495640334903115" />
  <Object
    Path="C:\Users\mafio\Documents\GitHub\OTTO_Introduction\Physical\Config1\X20CP0411\AccessAndSecurity\CertificateStore\ThirdPartyCertificates\Package.pkg"
    LogicalPath="Config1.X20CP0411.AccessAndSecurity.CertificateStore.ThirdPartyCertificates"
    Type="Package"
    LastWriteTime="132495640335693114" />
  <Object
    Path="C:\Users\mafio\Documents\GitHub\OTTO_Introduction\Physical\Config1\X20CP0411\AccessAndSecurity\CertificateStore\ThirdPartyCertificates\SoftwareCertificates\Package.pkg"
    LogicalPath="Config1.X20CP0411.AccessAndSecurity.CertificateStore.ThirdPartyCertificates.SoftwareCertificates"
    Type="Package"
    LastWriteTime="132495640335493134" />
  <Object
    Path="C:\Users\mafio\Documents\GitHub\OTTO_Introduction\Physical\Config1\X20CP0411\AccessAndSecurity\CertificateStore\CertificateRevocationLists\Package.pkg"
    LogicalPath="Config1.X20CP0411.AccessAndSecurity.CertificateStore.CertificateRevocationLists"
    Type="Package"
    LastWriteTime="132495640335803125" />
  <Object
    Path="C:\Users\mafio\Documents\GitHub\OTTO_Introduction\Physical\Config1\X20CP0411\AccessAndSecurity\CertificateStore\CertificateSigningRequests\Package.pkg"
    LogicalPath="Config1.X20CP0411.AccessAndSecurity.CertificateStore.CertificateSigningRequests"
    Type="Package"
    LastWriteTime="132495640336073420" />
  <Object
    Path="C:\Users\mafio\Documents\GitHub\OTTO_Introduction\Physical\Config1\X20CP0411\AccessAndSecurity\TransportLayerSecurity\Package.pkg"
    LogicalPath="Config1.X20CP0411.AccessAndSecurity.TransportLayerSecurity"
    Type="Package"
    LastWriteTime="132495640336553091" />
  <Object
    Path="C:\Users\mafio\Documents\GitHub\OTTO_Introduction\Physical\Config1\X20CP0411\AccessAndSecurity\Firewall\Package.pkg"
    LogicalPath="Config1.X20CP0411.AccessAndSecurity.Firewall"
    Type="Package"
    LastWriteTime="132495640337093074" />
  <Object
    Path="C:\Users\mafio\Documents\GitHub\OTTO_Introduction\Physical\Config1\X20CP0411\AccessAndSecurity\Firewall\Rules.firewallRules"
    LogicalPath="Config1.X20CP0411.AccessAndSecurity.Firewall.Rules.firewallRules"
    Type="File"
    LastWriteTime="132495640337073087"
    Private="false" />
  <Object
    Path="C:\Users\mafio\Documents\GitHub\OTTO_Introduction\Physical\Config1\X20CP0411\mappControl\Package.pkg"
    LogicalPath="Config1.X20CP0411.mappControl"
    Type="Package"
    LastWriteTime="132495640337933147" />
  <Object
    Path="C:\Users\mafio\Documents\GitHub\OTTO_Introduction\Physical\Config1\X20CP0411\mappMotion\Package.pkg"
    LogicalPath="Config1.X20CP0411.mappMotion"
    Type="Package"
    LastWriteTime="132495640338553117" />
  <Object
    Path="C:\Users\mafio\Documents\GitHub\OTTO_Introduction\Physical\Config1\X20CP0411\mappServices\Package.pkg"
    LogicalPath="Config1.X20CP0411.mappServices"
    Type="Package"
    LastWriteTime="132495640340073616" />
  <Object
    Path="C:\Users\mafio\Documents\GitHub\OTTO_Introduction\Physical\Config1\X20CP0411\mappView\Package.pkg"
    LogicalPath="Config1.X20CP0411.mappView"
    Type="Package"
    LastWriteTime="132495640340673134" />
  <Object
    Path="C:\Users\mafio\Documents\GitHub\OTTO_Introduction\Physical\Config1\X20CP0411\mappCockpit\Package.pkg"
    LogicalPath="Config1.X20CP0411.mappCockpit"
    Type="Package"
    LastWriteTime="132495640341553219" />
  <Object
    Path="C:\Users\mafio\Documents\GitHub\OTTO_Introduction\Physical\Config1\Hardware.jpg"
    LogicalPath="Config1.Hardware.jpg"
    Type="File"
    LastWriteTime="132506830511179317"
    Private="false" />
</Objects>