C:\Users\mafio\OneDrive\EE\BandR\OTTO\Logical\Global.typ
C:\Users\mafio\OneDrive\EE\BandR\OTTO\Logical\Global.var
C:\Users\mafio\OneDrive\EE\BandR\OTTO\Logical\Libraries\operator\operator.fun
C:\Users\mafio\OneDrive\EE\BandR\OTTO\Logical\Libraries\operator\operator.typ
C:\Users\mafio\OneDrive\EE\BandR\OTTO\Logical\Libraries\operator\operator.var
C:\Users\mafio\OneDrive\EE\BandR\OTTO\Logical\Libraries\runtime\runtime.fun
C:\Users\mafio\OneDrive\EE\BandR\OTTO\Logical\Libraries\runtime\runtime.typ
C:\Users\mafio\OneDrive\EE\BandR\OTTO\Logical\Libraries\runtime\runtime.var
C:\Users\mafio\OneDrive\EE\BandR\OTTO\Logical\Libraries\standard\standard.fun
C:\Users\mafio\OneDrive\EE\BandR\OTTO\Logical\Libraries\standard\standard.typ
C:\Users\mafio\OneDrive\EE\BandR\OTTO\Logical\Libraries\standard\standard.var
C:\Users\mafio\OneDrive\EE\BandR\OTTO\Logical\Libraries\astime\astime.fun
C:\Users\mafio\OneDrive\EE\BandR\OTTO\Logical\Libraries\astime\astime.typ
C:\Users\mafio\OneDrive\EE\BandR\OTTO\Logical\Libraries\astime\astime.var
C:\Users\mafio\OneDrive\EE\BandR\OTTO\Logical\Libraries\AsIecCon\AsIecCon.fun
C:\Users\mafio\OneDrive\EE\BandR\OTTO\Logical\Libraries\AsIecCon\AsIecCon.typ
C:\Users\mafio\OneDrive\EE\BandR\OTTO\Logical\Libraries\AsIecCon\AsIecCon.var
